../Core/Src/lcd.c:28:13:LCD_Write4Bits	16	static
../Core/Src/lcd.c:41:13:LCD_PulseEnable	8	static
../Core/Src/lcd.c:56:13:LCD_Send	16	static
../Core/Src/lcd.c:67:13:LCD_Command	16	static
../Core/Src/lcd.c:81:13:LCD_Data	16	static
../Core/Src/lcd.c:94:6:LCD_Init	8	static
../Core/Src/lcd.c:120:6:LCD_Clear	8	static
../Core/Src/lcd.c:129:6:LCD_SetCursor	16	static
../Core/Src/lcd.c:141:6:LCD_Print	16	static
../Core/Src/lcd.c:152:6:LCD_WriteChar	16	static
../Core/Src/lcd.c:157:6:LCD_PrintAt	16	static
