../Core/Src/main.c:94:5:main	40	static
../Core/Src/main.c:265:6:SystemClock_Config	104	static
../Core/Src/main.c:316:13:MX_ADC1_Init	48	static
../Core/Src/main.c:383:13:MX_ICACHE_Init	8	static
../Core/Src/main.c:415:13:MX_LPUART1_UART_Init	8	static
../Core/Src/main.c:463:13:MX_TIM2_Init	40	static
../Core/Src/main.c:508:13:MX_GPIO_Init	56	static
../Core/Src/main.c:572:13:getState	16	static
../Core/Src/main.c:577:6:HAL_UART_RxCpltCallback	16	static
../Core/Src/main.c:585:5:_write	24	static
../Core/Src/main.c:591:10:getDelta	16	static
../Core/Src/main.c:596:6:RenderLCDResult	16	static
../Core/Src/main.c:602:6:RenderTries	16	static
../Core/Src/main.c:608:6:HAL_GPIO_EXTI_Falling_Callback	24	static
../Core/Src/main.c:621:6:HAL_GPIO_EXTI_Rising_Callback	16	static
../Core/Src/main.c:627:17:ADC_ReadOnce	16	static
../Core/Src/main.c:641:9:checkUPButton	16	static
../Core/Src/main.c:669:6:Error_Handler	4	static,ignoring_inline_asm
